// Jest Snapshot v1, https://goo.gl/fbAQLP

exports[`redux tests basket reducer should return the default state when appropriate 1`] = `
{
  "basket": {
    "isBasketProcessing": false,
    "loaded": false,
    "loading": true,
    "products": [],
    "redirect": false,
    "submitting": false,
  },
  "captureKey": {
    "captureKeyId": "",
    "isCaptureKeyProcessing": false,
    "microformStatus": "LOADING",
  },
  "clientSecret": {
    "clientSecretId": "",
    "isClientSecretProcessing": false,
  },
}
`;

exports[`redux tests basket reducer should return the default state when appropriate 2`] = `
{
  "basket": {
    "isBasketProcessing": false,
    "loaded": false,
    "loading": true,
    "products": [],
    "redirect": false,
    "submitting": false,
  },
  "captureKey": {
    "captureKeyId": "",
    "isCaptureKeyProcessing": false,
    "microformStatus": "LOADING",
  },
  "clientSecret": {
    "clientSecretId": "",
    "isClientSecretProcessing": false,
  },
}
`;

exports[`redux tests basket reducer should return the default state when appropriate 3`] = `
{
  "basket": {
    "isBasketProcessing": false,
    "loaded": false,
    "loading": true,
    "products": [],
    "redirect": false,
    "submitting": false,
  },
  "captureKey": {
    "captureKeyId": "",
    "isCaptureKeyProcessing": false,
    "microformStatus": "LOADING",
  },
  "clientSecret": {
    "clientSecretId": "",
    "isClientSecretProcessing": false,
  },
}
`;
